
> ecommerce-dashboard-react@0.0.0 test C:\Users\Mohamed\Documents\GitHub\ecommerce-dashboard-react
> vitest "run" "src/pages/auth/LoginPage.test.tsx"


[1m[46m RUN [49m[22m [36mv4.1.0 [39m[90mC:/Users/Mohamed/Documents/GitHub/ecommerce-dashboard-react[39m

 [31mΓ¥»[39m src/pages/auth/LoginPage.test.tsx [2m([22m[2m5 tests[22m[2m | [22m[31m3 failed[39m[2m)[22m[33m 3176[2mms[22m[39m
     [32mΓ£ô[39m redirects to / if already authenticated[32m 44[2mms[22m[39m
[31m     [31m├ù[31m shows inline validation error for a non-email value in the email field[39m[33m 1262[2mms[22m[39m
     [32mΓ£ô[39m shows validation error for a password shorter than 8 characters[32m 155[2mms[22m[39m
[31m     [31m├ù[31m successful login redirects to / and updates store[39m[33m 303[2mms[22m[39m
[31m     [31m├ù[31m failed login (MSW returns 401) shows error toast and user remains on /login[39m[33m 1406[2mms[22m[39m
node.exe : 
At C:\Users\Mohamed\AppData\Roaming\npm\pnpm.ps1:24 char:5
+     & "node$exe"  "$basedir/node_modules/pnpm/bin/pnpm.cjs" $args
+     ~~~~~~~~~~~~~~~~~~~~~~~~~~~~~~~~~~~~~~~~~~~~~~~~~~~~~~~~~~~~~
    + CategoryInfo          : NotSpecified: (:String) [], RemoteException
    + FullyQualifiedErrorId : NativeCommandError
 
[31mΓÄ»ΓÄ»ΓÄ»ΓÄ»ΓÄ»ΓÄ»ΓÄ»[39m[1m[41m Failed Tests 3 
[49m[22m[31mΓÄ»ΓÄ»ΓÄ»ΓÄ»ΓÄ»ΓÄ»ΓÄ»[39m

[41m[1m FAIL [22m[49m src/pages/auth/LoginPage.test.tsx[2m > [22mPhase 
8: LoginPage[2m > [22mshows inline validation error for a non-email value in 
the email field
[31m[1mTestingLibraryElementError[22m[39m: Unable to find an element with 
the text: /Invalid email/i. This could be because the text is broken up by 
multiple elements. In this case, you can provide a function for your text 
matcher to make your matcher more flexible.

Ignored nodes: comments, script, style
[36m<body>[39m
  [36m<div>[39m
    [36m<section[39m
      [33maria-atomic[39m=[32m"false"[39m
      [33maria-label[39m=[32m"Notifications alt+T"[39m
      [33maria-live[39m=[32m"polite"[39m
      [33maria-relevant[39m=[32m"additions text"[39m
      [33mtabindex[39m=[32m"-1"[39m
    [36m/>[39m
    [36m<div[39m
      [33mclass[39m=[32m"flex min-h-screen items-center justify-center 
bg-muted/40 p-4"[39m
    [36m>[39m
      [36m<div[39m
        [33mclass[39m=[32m"group/card flex flex-col gap-4 overflow-hidden 
rounded-xl bg-card py-4 text-sm text-card-foreground ring-1 ring-foreground/10 
has-data-[slot=card-footer]:pb-0 has-[>img:first-child]:pt-0 
data-[size=sm]:gap-3 data-[size=sm]:py-3 
data-[size=sm]:has-data-[slot=card-footer]:pb-0 
*:[img:first-child]:rounded-t-xl *:[img:last-child]:rounded-b-xl w-full 
max-w-sm"[39m
        [33mdata-size[39m=[32m"default"[39m
        [33mdata-slot[39m=[32m"card"[39m
      [36m>[39m
        [36m<div[39m
          [33mclass[39m=[32m"group/card-header @container/card-header grid 
auto-rows-min items-start gap-1 rounded-t-xl px-4 
group-data-[size=sm]/card:px-3 
has-data-[slot=card-action]:grid-cols-[1fr_auto] 
has-data-[slot=card-description]:grid-rows-[auto_auto] [.border-b]:pb-4 
group-data-[size=sm]/card:[.border-b]:pb-3 space-y-2 text-center"[39m
          [33mdata-slot[39m=[32m"card-header"[39m
        [36m>[39m
          [36m<div[39m
            [33mclass[39m=[32m"flex justify-center mb-4"[39m
          [36m>[39m
            [36m<div[39m
              [33mclass[39m=[32m"flex h-12 w-12 items-center justify-center 
rounded-full bg-primary text-primary-foreground"[39m
            [36m>[39m
              [36m<svg[39m
                [33maria-hidden[39m=[32m"true"[39m
                [33mclass[39m=[32m"lucide lucide-store h-6 w-6"[39m
                [33mfill[39m=[32m"none"[39m
                [33mheight[39m=[32m"24"[39m
                [33mstroke[39m=[32m"currentColor"[39m
                [33mstroke-linecap[39m=[32m"round"[39m
                [33mstroke-linejoin[39m=[32m"round"[39m
                [33mstroke-width[39m=[32m"2"[39m
                [33mviewBox[39m=[32m"0 0 24 24"[39m
                [33mwidth[39m=[32m"24"[39m
                [33mxmlns[39m=[32m"http://www.w3.org/2000/svg"[39m
              [36m>[39m
                [36m<path[39m
                  [33md[39m=[32m"M15 21v-5a1 1 0 0 0-1-1h-4a1 1 0 0 0-1 
1v5"[39m
                [36m/>[39m
                [36m<path[39m
                  [33md[39m=[32m"M17.774 10.31a1.12 1.12 0 0 0-1.549 0 2.5 
2.5 0 0 1-3.451 0 1.12 1.12 0 0 0-1.548 0 2.5 2.5 0 0 1-3.452 0 1.12 1.12 0 0 
0-1.549 0 2.5 2.5 0 0 1-3.77-3.248l2.889-4.184A2 2 0 0 1 7 2h10a2 2 0 0 1 
1.653.873l2.895 4.192a2.5 2.5 0 0 1-3.774 3.244"[39m
                [36m/>[39m
                [36m<path[39m
                  [33md[39m=[32m"M4 10.95V19a2 2 0 0 0 2 2h12a2 2 0 0 0 
2-2v-8.05"[39m
                [36m/>[39m
              [36m</svg>[39m
            [36m</div>[39m
          [36m</div>[39m
          [36m<div[39m
            [33mclass[39m=[32m"group-data-[size=sm]/card:text-sm text-2xl 
font-bold"[39m
            [33mdata-slot[39m=[32m"card-title"[39m
          [36m>[39m
            [0mWelcome back[0m
          [36m</div>[39m
          [36m<div[39m
            [33mclass[39m=[32m"text-sm text-muted-foreground"[39m
            [33mdata-slot[39m=[32m"card-description"[39m
          [36m>[39m
            [0mEnter your credentials to access your account[0m
          [36m</div>[39m
        [36m</div>[39m
        [36m<div[39m
          [33mclass[39m=[32m"px-4 group-data-[size=sm]/card:px-3"[39m
          [33mdata-slot[39m=[32m"card-content"[39m
        [36m>[39m
          [36m<form[39m
            [33mclass[39m=[32m"space-y-4"[39m
          [36m>[39m
            [36m<div[39m
              [33mclass[39m=[32m"space-y-2"[39m
            [36m>[39m
              [36m<label[39m
                [33mclass[39m=[32m"flex items-center gap-2 text-sm 
leading-none font-medium select-none 
group-data-[disabled=true]:pointer-events-none 
group-data-[disabled=true]:opacity-50 peer-disabled:cursor-not-allowed 
peer-disabled:opacity-50"[39m
                [33mdata-slot[39m=[32m"label"[39m
                [33mfor[39m=[32m"email"[39m
              [36m>[39m
                [0mEmail[0m
              [36m</label>[39m
              [36m<input[39m
                [33mclass[39m=[32m"h-8 w-full min-w-0 rounded-lg border 
border-input bg-transparent px-2.5 py-1 text-base transition-colors 
outline-none file:inline-flex file:h-6 file:border-0 file:bg-transparent 
file:text-sm file:font-medium file:text-foreground 
placeholder:text-muted-foreground focus-visible:border-ring 
focus-visible:ring-3 focus-visible:ring-ring/50 disabled:pointer-events-none 
disabled:cursor-not-allowed disabled:bg-input/50 disabled:opacity-50 
aria-invalid:border-destructive aria-invalid:ring-3 
aria-invalid:ring-destructive/20 md:text-sm dark:bg-input/30 
dark:disabled:bg-input/80 dark:aria-invalid:border-destructive/50 
dark:aria-invalid:ring-destructive/40"[39m
                [33mdata-slot[39m=[32m"input"[39m
                [33mid[39m=[32m"email"[39m
                [33mname[39m=[32m"email"[39m
                [33mplaceholder[39m=[32m"admin@example.com"[39m
                [33mtype[39m=[32m"email"[39m
              [36m/>[39m
            [36m</div>[39m
            [36m<div[39m
              [33mclass[39m=[32m"space-y-2"[39m
            [36m>[39m
              [36m<div[39m
                [33mclass[39m=[32m"flex items-center justify-between"[39m
              [36m>[39m
                [36m<label[39m
                  [33mclass[39m=[32m"flex items-center gap-2 text-sm 
leading-none font-medium select-none 
group-data-[disabled=true]:pointer-events-none 
group-data-[disabled=true]:opacity-50 peer-disabled:cursor-not-allowed 
peer-disabled:opacity-50"[39m
                  [33mdata-slot[39m=[32m"label"[39m
                  [33mfor[39m=[32m"password"[39m
                [36m>[39m
                  [0mPassword[0m
                [36m</label>[39m
              [36m</div>[39m
              [36m<input[39m
                [33mclass[39m=[32m"h-8 w-full min-w-0 rounded-lg border 
border-input bg-transparent px-2.5 py-1 text-base transition-colors 
outline-none file:inline-flex file:h-6 file:border-0 file:bg-transparent 
file:text-sm file:font-medium file:text-foreground 
placeholder:text-muted-foreground focus-visible:border-ring 
focus-visible:ring-3 focus-visible:ring-ring/50 disabled:pointer-events-none 
disabled:cursor-not-allowed disabled:bg-input/50 disabled:opacity-50 
aria-invalid:border-destructive aria-invalid:ring-3 
aria-invalid:ring-destructive/20 md:text-sm dark:bg-input/30 
dark:disabled:bg-input/80 dark:aria-invalid:border-destructive/50 
dark:aria-invalid:ring-destructive/40"[39m
                [33mdata-slot[39m=[32m"input"[39m
                [33mid[39m=[32m"password"[39m
                [33mname[39m=[32m"password"[39m
                [33mtype[39m=[32m"password"[39m
              [36m/>[39m
            [36m</div>[39m
            [36m<button[39m
              [33mclass[39m=[32m"group/button inline-flex shrink-0 
items-center justify-center rounded-lg border border-transparent 
bg-clip-padding text-sm font-medium whitespace-nowrap transition-all 
outline-none select-none focus-visible:border-ring focus-visible:ring-3 
focus-visible:ring-ring/50 active:translate-y-px disabled:pointer-events-none 
disabled:opacity-50 aria-invalid:border-destructive aria-invalid:ring-3 
aria-invalid:ring-destructive/20 dark:aria-invalid:border-destructive/50 
dark:aria-invalid:ring-destructive/40 [&_svg]:pointer-events-none 
[&_svg]:shrink-0 [&_svg:not([class*='size-'])]:size-4 bg-primary 
text-primary-foreground [a]:hover:bg-primary/80 h-8 gap-1.5 px-2.5 
has-data-[icon=inline-end]:pr-2 has-data-[icon=inline-start]:pl-2 w-full"[39m
              [33mdata-size[39m=[32m"default"[39m
              [33mdata-slot[39m=[32m"button"[39m
              [33mdata-variant[39m=[32m"default"[39m
              [33mtype[39m=[32m"submit"[39m
            [36m>[39m
              [0mSign in[0m
            [36m</button>[39m
          [36m</form>[39m
        [36m</div>[39m
      [36m</div>[39m
    [36m</div>[39m
  [36m</div>[39m
[36m</body>[39m

Ignored nodes: comments, script, style
[36m<body>[39m
  [36m<div>[39m
    [36m<section[39m
      [33maria-atomic[39m=[32m"false"[39m
      [33maria-label[39m=[32m"Notifications alt+T"[39m
      [33maria-live[39m=[32m"polite"[39m
      [33maria-relevant[39m=[32m"additions text"[39m
      [33mtabindex[39m=[32m"-1"[39m
    [36m/>[39m
    [36m<div[39m
      [33mclass[39m=[32m"flex min-h-screen items-center justify-center 
bg-muted/40 p-4"[39m
    [36m>[39m
      [36m<div[39m
        [33mclass[39m=[32m"group/card flex flex-col gap-4 overflow-hidden 
rounded-xl bg-card py-4 text-sm text-card-foreground ring-1 ring-foreground/10 
has-data-[slot=card-footer]:pb-0 has-[>img:first-child]:pt-0 
data-[size=sm]:gap-3 data-[size=sm]:py-3 
data-[size=sm]:has-data-[slot=card-footer]:pb-0 
*:[img:first-child]:rounded-t-xl *:[img:last-child]:rounded-b-xl w-full 
max-w-sm"[39m
        [33mdata-size[39m=[32m"default"[39m
        [33mdata-slot[39m=[32m"card"[39m
      [36m>[39m
        [36m<div[39m
          [33mclass[39m=[32m"group/card-header @container/card-header grid 
auto-rows-min items-start gap-1 rounded-t-xl px-4 
group-data-[size=sm]/card:px-3 
has-data-[slot=card-action]:grid-cols-[1fr_auto] 
has-data-[slot=card-description]:grid-rows-[auto_auto] [.border-b]:pb-4 
group-data-[size=sm]/card:[.border-b]:pb-3 space-y-2 text-center"[39m
          [33mdata-slot[39m=[32m"card-header"[39m
        [36m>[39m
          [36m<div[39m
            [33mclass[39m=[32m"flex justify-center mb-4"[39m
          [36m>[39m
            [36m<div[39m
              [33mclass[39m=[32m"flex h-12 w-12 items-center justify-center 
rounded-full bg-primary text-primary-foreground"[39m
            [36m>[39m
              [36m<svg[39m
                [33maria-hidden[39m=[32m"true"[39m
                [33mclass[39m=[32m"lucide lucide-store h-6 w-6"[39m
                [33mfill[39m=[32m"none"[39m
                [33mheight[39m=[32m"24"[39m
                [33mstroke[39m=[32m"currentColor"[39m
                [33mstroke-linecap[39m=[32m"round"[39m
                [33mstroke-linejoin[39m=[32m"round"[39m
                [33mstroke-width[39m=[32m"2"[39m
                [33mviewBox[39m=[32m"0 0 24 24"[39m
                [33mwidth[39m=[32m"24"[39m
                [33mxmlns[39m=[32m"http://www.w3.org/2000/svg"[39m
              [36m>[39m
                [36m<path[39m
                  [33md[39m=[32m"M15 21v-5a1 1 0 0 0-1-1h-4a1 1 0 0 0-1 
1v5"[39m
                [36m/>[39m
                [36m<path[39m
                  [33md[39m=[32m"M17.774 10.31a1.12 1.12 0 0 0-1.549 0 2.5 
2.5 0 0 1-3.451 0 1.12 1.12 0 0 0-1.548 0 2.5 2.5 0 0 1-3.452 0 1.12 1.12 0 0 
0-1.549 0 2.5 2.5 0 0 1-3.77-3.248l2.889-4.184A2 2 0 0 1 7 2h10a2 2 0 0 1 
1.653.873l2.895 4.192a2.5 2.5 0 0 1-3.774 3.244"[39m
                [36m/>[39m
                [36m<path[39m
                  [33md[39m=[32m"M4 10.95V19a2 2 0 0 0 2 2h12a2 2 0 0 0 
2-2v-8.05"[39m
                [36m/>[39m
              [36m</svg>[39m
            [36m</div>[39m
          [36m</div>[39m
          [36m<div[39m
            [33mclass[39m=[32m"group-data-[size=sm]/card:text-sm text-2xl 
font-bold"[39m
            [33mdata-slot[39m=[32m"card-title"[39m
          [36m>[39m
            [0mWelcome back[0m
          [36m</div>[39m
          [36m<div[39m
            [33mclass[39m=[32m"text-sm text-muted-foreground"[39m
            [33mdata-slot[39m=[32m"card-description"[39m
          [36m>[39m
            [0mEnter your credentials to access your account[0m
          [36m</div>[39m
        [36m</div>[39m
        [36m<div[39m
          [33mclass[39m=[32m"px-4 group-data-[size=sm]/card:px-3"[39m
          [33mdata-slot[39m=[32m"card-content"[39m
        [36m>[39m
          [36m<form[39m
            [33mclass[39m=[32m"space-y-4"[39m
          [36m>[39m
            [36m<div[39m
              [33mclass[39m=[32m"space-y-2"[39m
            [36m>[39m
              [36m<label[39m
                [33mclass[39m=[32m"flex items-center gap-2 text-sm 
leading-none font-medium select-none 
group-data-[disabled=true]:pointer-events-none 
group-data-[disabled=true]:opacity-50 peer-disabled:cursor-not-allowed 
peer-disabled:opacity-50"[39m
                [33mdata-slot[39m=[32m"label"[39m
                [33mfor[39m=[32m"email"[39m
              [36m>[39m
                [0mEmail[0m
              [36m</label>[39m
              [36m<input[39m
                [33mclass[39m=[32m"h-8 w-full min-w-0 rounded-lg border 
border-input bg-transparent px-2.5 py-1 text-base transition-colors 
outline-none file:inline-flex file:h-6 file:border-0 file:bg-transparent 
file:text-sm file:font-medium file:text-foreground 
placeholder:text-muted-foreground focus-visible:border-ring 
focus-visible:ring-3 focus-visible:ring-ring/50 disabled:pointer-events-none 
disabled:cursor-not-allowed disabled:bg-input/50 disabled:opacity-50 
aria-invalid:border-destructive aria-invalid:ring-3 
aria-invalid:ring-destructive/20 md:text-sm dark:bg-input/30 
dark:disabled:bg-input/80 dark:aria-invalid:border-destructive/50 
dark:aria-invalid:ring-destructive/40"[39m
                [33mdata-slot[39m=[32m"input"[39m
                [33mid[39m=[32m"email"[39m
                [33mname[39m=[32m"email"[39m
                [33mplaceholder[39m=[32m"admin@example.com"[39m
                [33mtype[39m=[32m"email"[39m
              [36m/>[39m
            [36m</div>[39m
            [36m<div[39m
              [33mclass[39m=[32m"space-y-2"[39m
            [36m>[39m
              [36m<div[39m
                [33mclass[39m=[32m"flex items-center justify-between"[39m
              [36m>[39m
                [36m<label[39m
                  [33mclass[39m=[32m"flex items-center gap-2 text-sm 
leading-none font-medium select-none 
group-data-[disabled=true]:pointer-events-none 
group-data-[disabled=true]:opacity-50 peer-disabled:cursor-not-allowed 
peer-disabled:opacity-50"[39m
                  [33mdata-slot[39m=[32m"label"[39m
                  [33mfor[39m=[32m"password"[39m
                [36m>[39m
                  [0mPassword[0m
                [36m</label>[39m
              [36m</div>[39m
              [36m<input[39m
                [33mclass[39m=[32m"h-8 w-full min-w-0 rounded-lg border 
border-input bg-transparent px-2.5 py-1 text-base transition-colors 
outline-none file:inline-flex file:h-6 file:border-0 file:bg-transparent 
file:text-sm file:font-medium file:text-foreground 
placeholder:text-muted-foreground focus-visible:border-ring 
focus-visible:ring-3 focus-visible:ring-ring/50 disabled:pointer-events-none 
disabled:cursor-not-allowed disabled:bg-input/50 disabled:opacity-50 
aria-invalid:border-destructive aria-invalid:ring-3 
aria-invalid:ring-destructive/20 md:text-sm dark:bg-input/30 
dark:disabled:bg-input/80 dark:aria-invalid:border-destructive/50 
dark:aria-invalid:ring-destructive/40"[39m
                [33mdata-slot[39m=[32m"input"[39m
                [33mid[39m=[32m"password"[39m
                [33mname[39m=[32m"password"[39m
                [33mtype[39m=[32m"password"[39m
              [36m/>[39m
            [36m</div>[39m
            [36m<button[39m
              [33mclass[39m=[32m"group/button inline-flex shrink-0 
items-center justify-center rounded-lg border border-transparent 
bg-clip-padding text-sm font-medium whitespace-nowrap transition-all 
outline-none select-none focus-visible:border-ring focus-visible:ring-3 
focus-visible:ring-ring/50 active:translate-y-px disabled:pointer-events-none 
disabled:opacity-50 aria-invalid:border-destructive aria-invalid:ring-3 
aria-invalid:ring-destructive/20 dark:aria-invalid:border-destructive/50 
dark:aria-invalid:ring-destructive/40 [&_svg]:pointer-events-none 
[&_svg]:shrink-0 [&_svg:not([class*='size-'])]:size-4 bg-primary 
text-primary-foreground [a]:hover:bg-primary/80 h-8 gap-1.5 px-2.5 
has-data-[icon=inline-end]:pr-2 has-data-[icon=inline-start]:pl-2 w-full"[39m
              [33mdata-size[39m=[32m"default"[39m
              [33mdata-slot[39m=[32m"button"[39m
              [33mdata-variant[39m=[32m"default"[39m
              [33mtype[39m=[32m"submit"[39m
            [36m>[39m
              [0mSign in[0m
            [36m</button>[39m
          [36m</form>[39m
        [36m</div>[39m
      [36m</div>[39m
    [36m</div>[39m
  [36m</div>[39m
[36m</body>[39m
[90m [2mΓ¥»[22m waitForWrapper node_modules/.pnpm/@testing-library+dom@10.4.
1/node_modules/@testing-library/dom/dist/wait-for.js:[2m163:27[22m[39m
[90m [2mΓ¥»[22m node_modules/.pnpm/@testing-library+dom@10.4.1/node_modules/
@testing-library/dom/dist/query-helpers.js:[2m86:33[22m[39m
[36m [2mΓ¥»[22m src/pages/auth/LoginPage.test.tsx:[2m51:25[22m[39m
    [90m 49|[39m     [35mawait[39m 
userEvent[33m.[39m[34mclick[39m(submitBtn)[33m;[39m
    [90m 50|[39m
    [90m 51|[39m     expect(await screen.findByText(/Invalid 
email/i)).toBeInTheDocumenΓÇª
    [90m   |[39m                         [31m^[39m
    [90m 52|[39m   })[33m;[39m
    [90m 53|[39m

[31m[2mΓÄ»ΓÄ»ΓÄ»ΓÄ»ΓÄ»ΓÄ»ΓÄ»ΓÄ»ΓÄ»ΓÄ»ΓÄ»ΓÄ»ΓÄ»ΓÄ»ΓÄ»ΓÄ»ΓÄ»ΓÄ»ΓÄ»ΓÄ»ΓÄ»ΓÄ»ΓÄ»Γ
Ä»[1/3]ΓÄ»[22m[39m

[41m[1m FAIL [22m[49m src/pages/auth/LoginPage.test.tsx[2m > [22mPhase 
8: LoginPage[2m > [22msuccessful login redirects to / and updates store
[31m[1mAssertionError[22m: expected 'mock-access-token' to be 
'mock-jwt-token' // Object.is equality[39m

Expected: [32m"mock-[7mjwt[27m-token"[39m
Received: [31m"mock-[7maccess[27m-token"[39m

[36m [2mΓ¥»[22m src/pages/auth/LoginPage.test.tsx:[2m85:31[22m[39m
    [90m 83|[39m     [35mconst[39m state [33m=[39m 
useAuthStore[33m.[39m[34mgetState[39m()[33m;[39m
    [90m 84|[39m     [34mexpect[39m(state[33m.[39muser)[33m.[39mnot[33
m.[39m[34mtoBeNull[39m()[33m;[39m
    [90m 85|[39m     [34mexpect[39m(state[33m.[39maccessToken)[33m.[39m
[34mtoBe[39m([32m"mock-jwt-token"[39m)[33m;[39m
    [90m   |[39m                               [31m^[39m
    [90m 86|[39m   })[33m;[39m
    [90m 87|[39m

[31m[2mΓÄ»ΓÄ»ΓÄ»ΓÄ»ΓÄ»ΓÄ»ΓÄ»ΓÄ»ΓÄ»ΓÄ»ΓÄ»ΓÄ»ΓÄ»ΓÄ»ΓÄ»ΓÄ»ΓÄ»ΓÄ»ΓÄ»ΓÄ»ΓÄ»ΓÄ»ΓÄ»Γ
Ä»[2/3]ΓÄ»[22m[39m

[41m[1m FAIL [22m[49m src/pages/auth/LoginPage.test.tsx[2m > [22mPhase 
8: LoginPage[2m > [22mfailed login (MSW returns 401) shows error toast and 
user remains on /login
[31m[1mTestingLibraryElementError[22m[39m: Unable to find an element with 
the text: /Invalid credentials/i. This could be because the text is broken up 
by multiple elements. In this case, you can provide a function for your text 
matcher to make your matcher more flexible.

Ignored nodes: comments, script, style
[36m<body>[39m
  [36m<div>[39m
    [36m<section[39m
      [33maria-atomic[39m=[32m"false"[39m
      [33maria-label[39m=[32m"Notifications alt+T"[39m
      [33maria-live[39m=[32m"polite"[39m
      [33maria-relevant[39m=[32m"additions text"[39m
      [33mtabindex[39m=[32m"-1"[39m
    [36m>[39m
      [36m<ol[39m
        [33mdata-sonner-theme[39m=[32m"light"[39m
        [33mdata-sonner-toaster[39m=[32m"true"[39m
        [33mdata-x-position[39m=[32m"right"[39m
        [33mdata-y-position[39m=[32m"bottom"[39m
        [33mdir[39m=[32m"ltr"[39m
        [33mstyle[39m=[32m"--front-toast-height: 0px; --width: 356px; 
--gap: 14px; --offset-top: 24px; --offset-right: 24px; --offset-bottom: 24px; 
--offset-left: 24px; --mobile-offset-top: 16px; --mobile-offset-right: 16px; 
--mobile-offset-bottom: 16px; --mobile-offset-left: 16px;"[39m
        [33mtabindex[39m=[32m"-1"[39m
      [36m>[39m
        [36m<li[39m
          [33mclass[39m=[32m""[39m
          [33mdata-dismissible[39m=[32m"true"[39m
          [33mdata-expanded[39m=[32m"false"[39m
          [33mdata-front[39m=[32m"true"[39m
          [33mdata-index[39m=[32m"0"[39m
          [33mdata-mounted[39m=[32m"true"[39m
          [33mdata-promise[39m=[32m"false"[39m
          [33mdata-removed[39m=[32m"false"[39m
          [33mdata-sonner-toast[39m=[32m""[39m
          [33mdata-styled[39m=[32m"true"[39m
          [33mdata-swipe-out[39m=[32m"false"[39m
          [33mdata-swiped[39m=[32m"false"[39m
          [33mdata-swiping[39m=[32m"false"[39m
          [33mdata-type[39m=[32m"success"[39m
          [33mdata-visible[39m=[32m"true"[39m
          [33mdata-x-position[39m=[32m"right"[39m
          [33mdata-y-position[39m=[32m"bottom"[39m
          [33mstyle[39m=[32m"--index: 0; --toasts-before: 0; --z-index: 1; 
--offset: 0px; --initial-height: 0px;"[39m

[2m Test Files [22m [1m[31m1 failed[39m[22m[90m (1)[39m
[2m      Tests [22m [1m[31m3 failed[39m[22m[2m | [22m[1m[32m2 passed[39m[22m[90m (5)[39m
[2m   Start at [22m 10:56:27
[2m   Duration [22m 7.32s[2m (transform 223ms, setup 447ms, import 2.85s, tests 3.18s, environment 539ms)[22m

          [33mtabindex[39m=[32m"0"[39m
        [36m>[39m
          [36m<div[39m
            [33mclass[39m=[32m""[39m
            [33mdata-icon[39m=[32m""[39m
          [36m>[39m
            [36m<svg[39m
              [33mfill[39m=[32m"currentColor"[39m
              [33mheight[39m=[32m"20"[39m
              [33mviewBox[39m=[32m"0 0 20 20"[39m
              [33mwidth[39m=[32m"20"[39m
              [33mxmlns[39m=[32m"http://www.w3.org/2000/svg"[39m
            [36m>[39m
              [36m<path[39m
                [33mclip-rule[39m=[32m"evenodd"[39m
                [33md[39m=[32m"M10 18a8 8 0 100-16 8 8 0 000 
16zm3.857-9.809a.75.75 0 00-1.214-.882l-3.483 4.79-1.88-1.88a.75.75 0 10-1.06 
1.061l2.5 2.5a.75.75 0 001.137-.089l4-5.5z"[39m
                [33mfill-rule[39m=[32m"evenodd"[39m
              [36m/>[39m
            [36m</svg>[39m
          [36m</div>[39m
          [36m<div[39m
            [33mclass[39m=[32m""[39m
            [33mdata-content[39m=[32m""[39m
          [36m>[39m
            [36m<div[39m
              [33mclass[39m=[32m""[39m
              [33mdata-title[39m=[32m""[39m
            [36m>[39m
              [0mLogged in successfully[0m
            [36m</div>[39m
          [36m</div>[39m
        [36m</li>[39m
      [36m</ol>[39m
    [36m</section>[39m
    [36m<div>[39m
      [0mDashboard Home[0m
    [36m</div>[39m
  [36m</div>[39m
[36m</body>[39m

Ignored nodes: comments, script, style
[36m<body>[39m
  [36m<div>[39m
    [36m<section[39m
      [33maria-atomic[39m=[32m"false"[39m
      [33maria-label[39m=[32m"Notifications alt+T"[39m
      [33maria-live[39m=[32m"polite"[39m
      [33maria-relevant[39m=[32m"additions text"[39m
      [33mtabindex[39m=[32m"-1"[39m
    [36m>[39m
      [36m<ol[39m
        [33mdata-sonner-theme[39m=[32m"light"[39m
        [33mdata-sonner-toaster[39m=[32m"true"[39m
        [33mdata-x-position[39m=[32m"right"[39m
        [33mdata-y-position[39m=[32m"bottom"[39m
        [33mdir[39m=[32m"ltr"[39m
        [33mstyle[39m=[32m"--front-toast-height: 0px; --width: 356px; 
--gap: 14px; --offset-top: 24px; --offset-right: 24px; --offset-bottom: 24px; 
--offset-left: 24px; --mobile-offset-top: 16px; --mobile-offset-right: 16px; 
--mobile-offset-bottom: 16px; --mobile-offset-left: 16px;"[39m
        [33mtabindex[39m=[32m"-1"[39m
      [36m>[39m
        [36m<li[39m
          [33mclass[39m=[32m""[39m
          [33mdata-dismissible[39m=[32m"true"[39m
          [33mdata-expanded[39m=[32m"false"[39m
          [33mdata-front[39m=[32m"true"[39m
          [33mdata-index[39m=[32m"0"[39m
          [33mdata-mounted[39m=[32m"true"[39m
          [33mdata-promise[39m=[32m"false"[39m
          [33mdata-removed[39m=[32m"false"[39m
          [33mdata-sonner-toast[39m=[32m""[39m
          [33mdata-styled[39m=[32m"true"[39m
          [33mdata-swipe-out[39m=[32m"false"[39m
          [33mdata-swiped[39m=[32m"false"[39m
          [33mdata-swiping[39m=[32m"false"[39m
          [33mdata-type[39m=[32m"success"[39m
          [33mdata-visible[39m=[32m"true"[39m
          [33mdata-x-position[39m=[32m"right"[39m
          [33mdata-y-position[39m=[32m"bottom"[39m
          [33mstyle[39m=[32m"--index: 0; --toasts-before: 0; --z-index: 1; 
--offset: 0px; --initial-height: 0px;"[39m
          [33mtabindex[39m=[32m"0"[39m
        [36m>[39m
          [36m<div[39m
            [33mclass[39m=[32m""[39m
            [33mdata-icon[39m=[32m""[39m
          [36m>[39m
            [36m<svg[39m
              [33mfill[39m=[32m"currentColor"[39m
              [33mheight[39m=[32m"20"[39m
              [33mviewBox[39m=[32m"0 0 20 20"[39m
              [33mwidth[39m=[32m"20"[39m
              [33mxmlns[39m=[32m"http://www.w3.org/2000/svg"[39m
            [36m>[39m
              [36m<path[39m
                [33mclip-rule[39m=[32m"evenodd"[39m
                [33md[39m=[32m"M10 18a8 8 0 100-16 8 8 0 000 
16zm3.857-9.809a.75.75 0 00-1.214-.882l-3.483 4.79-1.88-1.88a.75.75 0 10-1.06 
1.061l2.5 2.5a.75.75 0 001.137-.089l4-5.5z"[39m
                [33mfill-rule[39m=[32m"evenodd"[39m
              [36m/>[39m
            [36m</svg>[39m
          [36m</div>[39m
          [36m<div[39m
            [33mclass[39m=[32m""[39m
            [33mdata-content[39m=[32m""[39m
          [36m>[39m
            [36m<div[39m
              [33mclass[39m=[32m""[39m
              [33mdata-title[39m=[32m""[39m
            [36m>[39m
              [0mLogged in successfully[0m
            [36m</div>[39m
          [36m</div>[39m
        [36m</li>[39m
      [36m</ol>[39m
    [36m</section>[39m
    [36m<div>[39m
      [0mDashboard Home[0m
    [36m</div>[39m
  [36m</div>[39m
[36m</body>[39m
[90m [2mΓ¥»[22m waitForWrapper node_modules/.pnpm/@testing-library+dom@10.4.
1/node_modules/@testing-library/dom/dist/wait-for.js:[2m163:27[22m[39m
[90m [2mΓ¥»[22m node_modules/.pnpm/@testing-library+dom@10.4.1/node_modules/
@testing-library/dom/dist/query-helpers.js:[2m86:33[22m[39m
[36m [2mΓ¥»[22m src/pages/auth/LoginPage.test.tsx:[2m102:25[22m[39m
    [90m100|[39m
    [90m101|[39m     [90m// Wait for the toast to appear[39m
    [90m102|[39m     expect(await screen.findByText(/Invalid 
credentials/i)).toBeInTheDΓÇª
    [90m   |[39m                         [31m^[39m
    [90m103|[39m
    [90m104|[39m     [90m// Check we did not route to dashboard[39m

[31m[2mΓÄ»ΓÄ»ΓÄ»ΓÄ»ΓÄ»ΓÄ»ΓÄ»ΓÄ»ΓÄ»ΓÄ»ΓÄ»ΓÄ»ΓÄ»ΓÄ»ΓÄ»ΓÄ»ΓÄ»ΓÄ»ΓÄ»ΓÄ»ΓÄ»ΓÄ»ΓÄ»Γ
Ä»[3/3]ΓÄ»[22m[39m

ΓÇëELIFECYCLEΓÇë Test failed. See above for more details.
